 * Serving Flask app 'mlb_web'
 * Debug mode: off
